# cursor=42,4 alt=true title=
|build             gradle             gra│cocakova@spark-ef6b:~/workspace/charon$
|dlew.bat  settings.gradle.kts           │ echo crossing the styx
|build.gradle.kts  gradle.properties  LIC│crossing the styx
|ENSE      terminal-core                 │cocakova@spark-ef6b:~/workspace/charon$
|cocakova@spark-ef6b:~/workspace/charon$ │
|                                        │
|                                        │
|                                        │
|                                        │
|                                        │
|                                        │
|                                        │
|                                        │
|                                        │
|                                        │
|                                        │
|                                        │
|                                        │
|                                        │
|                                        │
|                                        │
|                                        │
|                                        │
|[0] 0:bash*                                         "spark-ef6b" 16:29 13-Jul-26
# row attr+text checksums
00 3bf2c603
01 24c9a8d9
02 25c40119
03 217f4e70
04 e1f0fb73
05 435b572a
06 435b572a
07 435b572a
08 435b572a
09 435b572a
10 435b572a
11 435b572a
12 f74dbd9b
13 f74dbd9b
14 f74dbd9b
15 f74dbd9b
16 f74dbd9b
17 f74dbd9b
18 f74dbd9b
19 f74dbd9b
20 f74dbd9b
21 f74dbd9b
22 f74dbd9b
23 2ecfde1b
